<html>
<body>
<pre>
<h1>µVision Build Log</h1>
<h2>Tool Versions:</h2>
IDE-Version: ¦ÌVision V5.41.0.0
Copyright (C) 2024 ARM Ltd and ARM Germany GmbH. All rights reserved.
License Information: senkin senkin7853@Gmail.com, Astroceta, LIC=CZLZX-HSU7Z-Z9GG9-4H358-4IUF9-VG5GD
 
Tool Versions:
Toolchain:       MDK-ARM Plus  Version: 5.41.0.0
Toolchain Path:  C:\Users\senki\AppData\Local\Keil_v5\ARM\ACC5\Bin
C Compiler:      Armcc.exe V5.06 update 7 (build 960)
Assembler:       Armasm.exe V5.06 update 7 (build 960)
Linker/Locator:  ArmLink.exe V5.06 update 7 (build 960)
Library Manager: ArmAr.exe V5.06 update 7 (build 960)
Hex Converter:   FromElf.exe V5.06 update 7 (build 960)
CPU DLL:         SARMCM3.DLL V5.41.0.0
Dialog DLL:      DCM.DLL V1.17.5.0
Target DLL:      Segger\JL2CM3.dll V2.99.45.0
Dialog DLL:      TCM.DLL V1.56.4.0
 
<h2>Project:</h2>
D:\Space\Work\CprSensorBoot\MDK-ARM\CprSensorBoot.uvprojx
Project File Date:  05/08/2026

<h2>Output:</h2>
*** Using Compiler 'V5.06 update 7 (build 960)', folder: 'C:\Users\senki\AppData\Local\Keil_v5\ARM\ACC5\Bin'
Rebuild target 'CprSensorBoot'
assembling startup_stm32f103xe.s...
compiling main.c...
compiling stm32f1xx_it.c...
compiling stm32f1xx_hal_timebase_tim.c...
compiling usart.c...
compiling adc.c...
compiling usbd_conf.c...
compiling stm32f1xx_hal_gpio_ex.c...
compiling stm32f1xx_hal_exti.c...
compiling tim.c...
compiling stm32f1xx_hal.c...
compiling rtc.c...
compiling usbd_desc.c...
compiling stm32f1xx_hal_pcd_ex.c...
compiling stm32f1xx_hal_gpio.c...
compiling iwdg.c...
compiling gpio.c...
compiling stm32f1xx_hal_rcc_ex.c...
compiling usb_device.c...
compiling stm32f1xx_hal_flash.c...
compiling spi.c...
compiling dma.c...
compiling stm32f1xx_hal_msp.c...
compiling usbd_cdc_if.c...
compiling stm32f1xx_hal_pwr.c...
compiling stm32f1xx_ll_usb.c...
compiling stm32f1xx_hal_flash_ex.c...
compiling stm32f1xx_hal_rcc.c...
compiling stm32f1xx_hal_dma.c...
compiling stm32f1xx_hal_cortex.c...
compiling stm32f1xx_hal_pcd.c...
compiling stm32f1xx_hal_adc.c...
compiling system.c...
compiling systask.c...
compiling flash.c...
compiling stm32f1xx_hal_adc_ex.c...
compiling display.c...
compiling update_debug.c...
compiling update_port.c...
compiling update.c...
compiling stm32f1xx_hal_iwdg.c...
compiling MD5.c...
compiling encryption.c...
compiling stm32f1xx_hal_rtc_ex.c...
compiling bsprtt.c...
compiling stm32f1xx_hal_rtc.c...
compiling SEGGER_RTT_printf.c...
compiling SEGGER_RTT.c...
compiling system_stm32f1xx.c...
compiling log.c...
compiling stm32f1xx_hal_spi.c...
compiling log_port.c...
compiling rtos.c...
compiling console.c...
compiling usbd_core.c...
compiling stm32f1xx_hal_tim_ex.c...
compiling usbd_ctlreq.c...
compiling stm32f1xx_hal_uart.c...
compiling usbd_ioreq.c...
compiling ringbuffer.c...
compiling usbd_cdc.c...
compiling system_debug.c...
compiling drvanlogiic.c...
compiling drvanlogiic_debug.c...
compiling stm32f1xx_hal_tim.c...
compiling sysmgr.c...
compiling drvspi.c...
compiling update_mgr.c...
compiling gd25qxxx_port.c...
compiling drvspi_debug.c...
compiling gd25qxxx.c...
compiling drv_wdg.c...
compiling drv_delay.c...
compiling gd25qxxx_debug.c...
compiling bspspi.c...
compiling pca9535_debug.c...
compiling pca9535.c...
compiling bsp_uart.c...
compiling bspanlogiic.c...
compiling bspmcuflash.c...
compiling tm1651.c...
compiling lib_comm.c...
compiling tm1651_debug.c...
compiling drvmcuflash.c...
compiling drvmcuflash_port.c...
assembling cmb_fault.S...
compiling cm_backtrace.c...
compiling rtos_port.c...
compiling drvanlogiic_port.c...
compiling drvspi_port.c...
compiling pca9535_port.c...
compiling tm1651_port.c...
linking...
Program Size: Code=73232 RO-data=5084 RW-data=544 ZI-data=23704  
FromELF: creating hex file...
"CprSensorBoot\CprSensorBoot.axf" - 0 Error(s), 0 Warning(s).

<h2>Software Packages used:</h2>

Package Vendor: ARM
                https://www.keil.com/pack/ARM.CMSIS.6.1.0.pack
                ARM::CMSIS@6.1.0
                CMSIS (Common Microcontroller Software Interface Standard)
   * Component: CORE Version: 6.1.0

Package Vendor: Keil
                http://www.keil.com/pack/Keil.STM32F1xx_DFP.2.3.0.pack
                Keil::STM32F1xx_DFP@2.3.0
                STMicroelectronics STM32F1 Series Device Support, Drivers and Examples

<h2>Collection of Component include folders:</h2>
  ./RTE/_CprSensorBoot
  C:/Users/senki/AppData/Local/Arm/Packs/ARM/CMSIS/6.1.0/CMSIS/Core/Include
  C:/Users/senki/AppData/Local/Arm/Packs/Keil/STM32F1xx_DFP/2.3.0/Device/Include

<h2>Collection of Component Files used:</h2>

   * Component: ARM::CMSIS:CORE@6.1.0
Build Time Elapsed:  00:00:05
</pre>
</body>
</html>
